// Jest Snapshot v1, https://goo.gl/fbAQLP

exports[`renders a Loading correctly 1`] = `
<View
  style={
    Object {
      "alignItems": "center",
      "flex": 1,
      "flexDirection": "column",
      "justifyContent": "space-between",
    }
  }
>
  <View
    style={
      Object {
        "flex": 1,
        "flexDirection": "column",
        "justifyContent": "center",
      }
    }
  >
    <Image
      resizeMode="contain"
      source={
        Object {
          "testUri": "../../../src/assets/images/complete_logo.png",
        }
      }
      style={
        Object {
          "height": 145,
          "width": 245,
        }
      }
    />
  </View>
  <Text
    style={
      Object {
        "fontFamily": "Branding",
        "fontSize": 10,
        "fontWeight": "400",
        "paddingBottom": 20,
      }
    }
  >
    Version 1.0.0
  </Text>
</View>
`;
